// Jest Snapshot v1, https://goo.gl/fbAQLP

exports[`Pagination <Ellipsis /> renders correctly 1`] = `
.c1 {
  font-family: 'sofarsounds-icon-font' !important;
  speak: none;
  font-style: normal;
  font-weight: normal;
  font-variant: normal;
  text-transform: none;
  line-height: 1;
  -webkit-font-smoothing: antialiased;
  -moz-osx-font-smoothing: grayscale;
}

.c1:before {
  color: #000000;
}

.c1.icon-facebook:before {
  content: '\\e920';
}

.c1.icon-instagram:before {
  content: '\\e929';
}

.c1.icon-spotify:before {
  content: '\\e937';
}

.c1.icon-twitter:before {
  content: '\\e93f';
}

.c1.icon-youtube:before {
  content: '\\e944';
}

.c1.icon-facebookOutline:before {
  content: '\\e91e';
}

.c1.icon-instagramOutline:before {
  content: '\\e924';
}

.c1.icon-spotifyOutline:before {
  content: '\\e927';
}

.c1.icon-twitterOutline:before {
  content: '\\e92d';
}

.c1.icon-youtubeOutline:before {
  content: '\\e92e';
}

.c1.icon-caretUp:before {
  content: '\\e932';
}

.c1.icon-caretDown:before {
  content: '\\e919';
}

.c1.icon-caretLeft:before {
  content: '\\e933';
}

.c1.icon-caretRight:before {
  content: '\\e934';
}

.c1.icon-caretCircleDown:before {
  content: '\\e91b';
}

.c1.icon-chevronLeft:before {
  content: '\\e92a';
}

.c1.icon-chevronRight:before {
  content: '\\e93c';
}

.c1.icon-chevronUp:before {
  content: '\\e93b';
}

.c1.icon-chevronDown:before {
  content: '\\e931';
}

.c1.icon-moveVertical:before {
  content: '\\e92c';
}

.c1.icon-check:before {
  content: '\\e938';
}

.c1.icon-checkCircle:before {
  content: '\\e902';
}

.c1.icon-alertCircle:before {
  content: '\\e91a';
}

.c1.icon-alertTriangle:before {
  content: '\\e901';
}

.c1.icon-calendar:before {
  content: '\\e917';
}

.c1.icon-time:before {
  content: '\\e93a';
}

.c1.icon-timeHand:before {
  content: '\\e939';
}

.c1.icon-calendarAdd:before {
  content: '\\e93d';
}

.c1.icon-byob:before {
  content: '\\e908';
}

.c1.icon-close:before {
  content: '\\e918';
}

.c1.icon-commercial:before {
  content: '\\e915';
}

.c1.icon-disabled:before {
  content: '\\e910';
}

.c1.icon-eye:before {
  content: '\\e91c';
}

.c1.icon-video:before {
  content: '\\e921';
}

.c1.icon-happyMask:before {
  content: '\\e922';
}

.c1.icon-helpCircleOutline:before {
  content: '\\e925';
}

.c1.icon-ellipsisHorizontal:before {
  content: '\\e92b';
}

.c1.icon-no:before {
  content: '\\e92f';
}

.c1.icon-pet:before {
  content: '\\e907';
}

.c1.icon-readGlasses:before {
  content: '\\e930';
}

.c1.icon-residential:before {
  content: '\\e916';
}

.c1.icon-tree:before {
  content: '\\e906';
}

.c1.icon-heartPulse:before {
  content: '\\e91f';
}

.c1.icon-homeWorld:before {
  content: '\\e923';
}

.c1.icon-travelWorld:before {
  content: '\\e928';
}

.c1.icon-musicTicket:before {
  content: '\\e926';
}

.c1.icon-musicLove:before {
  content: '\\e91d';
}

.c1.icon-plus:before {
  content: '\\e935';
}

.c1.icon-padlock:before {
  content: '\\e936';
}

.c1.icon-search:before {
  content: '\\e830';
}

.c1.icon-music:before {
  content: '\\e942';
}

.c1.icon-mail:before {
  content: '\\e941';
}

.c1.icon-expandHorizontal:before {
  content: '\\e93e';
}

.c1.icon-reset:before {
  content: '\\e912';
}

.c1.icon-pencil:before {
  content: '\\e904';
}

.c1.icon-trashCan:before {
  content: '\\e94a';
}

.c1.icon-arrowUp:before {
  content: '\\e913';
}

.c1.icon-arrowLeft:before {
  content: '\\e949';
}

.c1.icon-info:before {
  content: '\\e90d';
}

.c1.icon-infoOutline:before {
  content: '\\e948';
}

.c1.icon-feedback:before {
  content: '\\e905';
}

.c1.icon-feedbackOutline:before {
  content: '\\e947';
}

.c1.icon-media:before {
  content: '\\e909';
}

.c1.icon-mediaOutline:before {
  content: '\\e946';
}

.c1.icon-concert:before {
  content: '\\e90a';
}

.c1.icon-concertOutline:before {
  content: '\\e945';
}

.c1.icon-map:before {
  content: '\\e914';
}

.c1.icon-grid:before {
  content: '\\e903';
}

.c1.icon-photos:before {
  content: '\\e911';
}

.c1.icon-artistParking:before {
  content: '\\e90f';
}

.c1.icon-guestParking:before {
  content: '\\e90e';
}

.c1.icon-eventSetUp:before {
  content: '\\e90c';
}

.c1.icon-fanExperience:before {
  content: '\\e90b';
}

.c1.icon-rock:before {
  content: '\\e900';
}

.c0 {
  width: 36px;
  height: 36px;
  margin: 0;
  padding: 0;
  font-size: 14px;
  -webkit-transition: all .2s ease;
  transition: all .2s ease;
  border: none;
  border-radius: 100%;
  display: -webkit-box;
  display: -webkit-flex;
  display: -ms-flexbox;
  display: flex;
  -webkit-align-items: center;
  -webkit-box-align: center;
  -ms-flex-align: center;
  align-items: center;
  -webkit-box-pack: center;
  -webkit-justify-content: center;
  -ms-flex-pack: center;
  justify-content: center;
  outline: none;
  -webkit-user-select: none;
  -moz-user-select: none;
  -ms-user-select: none;
  user-select: none;
}

<Component
  theme={
    Object {
      "borderRadius": Object {
        "button": "4px",
        "default": "2px",
        "input": "2px",
        "large": "8px",
      },
      "colors": Object {
        "backToBlack": "#111111",
        "black": "#000000",
        "blackBetty": "#1E1E1E",
        "blueChristmas": "#3498DB",
        "blueMagic": "#34495E",
        "blueSmoke": "#949494",
        "brownSugar": "#9B525F",
        "checkBerry": "#98035A",
        "darkSmoke": "#767676",
        "green100": "#CFEACC",
        "green200": "#9DDCAC",
        "green300": "#72D08A",
        "green400": "#4FC571",
        "green50": "#E6F7EA",
        "green500": "#23BA57",
        "green600": "#10AD52",
        "green700": "#039842",
        "green800": "#008736",
        "green900": "#006721",
        "greenGarden": "#19BC9B",
        "greenOnions": "#8BC34B",
        "macyGrey": "#DBDBDB",
        "mellowYellow": "#F1C410",
        "orangeCrush": "#F39C12",
        "paintItBlack": "#333333",
        "peaches": "#F99973",
        "pinkTriangle": "#E91E63",
        "primary": "#039842",
        "purpleHaze": "#3F51B5",
        "purplePills": "#9B59B6",
        "redRedWine": "#EF4423",
        "royalBlood": "#FF5000",
        "silverSprings": "#F5F5F5",
        "whiteDenim": "#FFFFFF",
        "yellowSubmarine": "#FFD426",
      },
      "dimensions": Object {
        "button": Object {
          "default": Object {
            "height": "44px",
            "padding": "0 25px",
          },
          "small": Object {
            "height": "40px",
            "padding": "0 15px",
          },
        },
        "buttonHeight": "44px",
        "containerWidth": Object {
          "default": "800px",
          "fullscreen": "100%",
          "large": "1000px",
          "small": "600px",
        },
        "inputHeight": "44px",
        "navbarHeight": Object {
          "lg": "84px",
          "md": "74px",
          "xs": "62px",
        },
        "radioBox": "20px",
      },
      "fontSizes": Object {
        "base": "16px",
        "body1": "16px",
        "body2": "14px",
        "button": "14px",
        "caption": "10px",
        "formGroupLabel": "14px",
        "h1": Object {
          "lg": "48px",
          "md": "34px",
          "xs": "24px",
        },
        "h2": Object {
          "lg": "34px",
          "md": "24px",
          "xs": "20px",
        },
        "h3": Object {
          "lg": "24px",
          "md": "20px",
          "xs": "16px",
        },
        "h4": Object {
          "lg": "20px",
          "md": "16px",
          "xs": "16px",
        },
        "h5": Object {
          "lg": "16px",
          "md": "14px",
          "xs": "14px",
        },
        "h6": Object {
          "lg": "14px",
          "md": "14px",
          "xs": "14px",
        },
        "overline": "10px",
        "title": Object {
          "lg": "54px",
          "md": "38px",
          "xs": "26px",
        },
      },
      "fonts": Object {
        "regular": "Open Sans",
      },
      "media": Object {
        "lg": [Function],
        "md": [Function],
        "sm": [Function],
        "xl": [Function],
        "xs": [Function],
      },
      "ruler": Array [
        0,
        4,
        8,
        12,
        16,
        20,
        24,
        28,
        32,
        36,
        40,
        44,
        48,
        52,
        56,
        60,
        64,
        68,
        72,
        76,
        80,
      ],
      "utils": Object {
        "transition": [Function],
      },
      "zIndex": Object {
        "navbar": 100,
      },
    }
  }
>
  <Ellipsis>
    <styled.div>
      <div
        className="c0"
      >
        <Icon
          name="ellipsisHorizontal"
        >
          <styled.i
            className="icon-ellipsisHorizontal "
          >
            <i
              className="c1 icon-ellipsisHorizontal "
            />
          </styled.i>
        </Icon>
      </div>
    </styled.div>
  </Ellipsis>
</Component>
`;
